# @generated, do not edit
[package]
name = "proto_nopackage"
version = "0.0.1"
edition = "2018"
publish = false

[dependencies]
lazy_static = { version = "1.4.0" }
pb-jelly = { version = "0.0.17" }
