# @generated, do not edit
[package]
name = "proto_google"
version = "0.0.1"
edition = "2018"

[dependencies]
compact_str = {features=["bytes"], version = "0.5" }
pb-jelly = { version = "0.0.14" }
