# @generated, do not edit
[package]
name = "proto_pbtest"
version = "0.0.1"
edition = "2018"

[dependencies]
bytes = { version = "1.0" }
compact_str = {features=["bytes"], version = "0.5" }
lazy_static = { version = "1.4.0" }
pb-jelly = { version = "0.0.14" }
proto_google = {path = "../proto_google"}
